---
source: crates/plantuml-core/tests/class_tests.rs
assertion_line: 110
expression: svg
---
<?xml version="1.0" encoding="UTF-8"?>
<svg contentStyleType="text/css" height="290" preserveAspectRatio="none" version="1.1" viewBox="15 15 294.082 290" width="294.082" xmlns="http://www.w3.org/2000/svg" xmlns:xlink="http://www.w3.org/1999/xlink" zoomAndPan="magnify">
<defs>
<marker id="arrow" markerHeight="8" markerUnits="userSpaceOnUse" markerWidth="10" orient="auto" refX="10" refY="4">
<path d="M0,0 L10,4 L0,8 L4,4 Z" fill="#181818"/>
</marker>
<marker id="arrow-open" markerHeight="8" markerUnits="userSpaceOnUse" markerWidth="10" orient="auto" refX="10" refY="4">
<path d="M0,0 L10,4 L0,8" fill="none" stroke="#181818" stroke-width="1"/>
</marker>
<marker id="inheritance" markerHeight="20" markerUnits="userSpaceOnUse" markerWidth="20" orient="auto" refX="20" refY="10">
<path d="M0,0 L20,10 L0,20 Z" fill="#FFFFFF" stroke="#181818" stroke-width="1"/>
</marker>
<marker id="composition" markerHeight="12" markerUnits="userSpaceOnUse" markerWidth="12" orient="auto" refX="0" refY="6">
<path d="M0,6 L6,0 L12,6 L6,12 Z" fill="#181818"/>
</marker>
<marker id="aggregation" markerHeight="12" markerUnits="userSpaceOnUse" markerWidth="12" orient="auto" refX="0" refY="6">
<path d="M0,6 L6,0 L12,6 L6,12 Z" fill="#FFFFFF" stroke="#181818" stroke-width="1"/>
</marker>
</defs>
<g id="Car">
<rect fill="#F1F1F1" height="90" rx="2.5" ry="2.5" stroke="#181818" stroke-width="0.5" width="161.41943999999998" x="61.33128000000001" y="20"/>
<ellipse cx="77.33128" cy="36" fill="#ADD1B2" rx="11" ry="11" stroke="#181818" stroke-width="1"/>
<text fill="#000000" font-family="sans-serif" font-size="12" font-weight="bold" text-anchor="middle" x="77.33128" y="40" textLength="5.772">
C
</text>
<text fill="#000000" font-family="sans-serif" font-size="14" x="93.33128" y="39" textLength="20.202">
Car
</text>
<line stroke="#181818" stroke-width="0.5" x1="62.33128000000001" x2="221.75072" y1="46" y2="46"/>
<ellipse cx="69.33128" cy="59" fill="#C82829" rx="3" ry="3" stroke="#C80000" stroke-width="1"/>
<text fill="#000000" font-family="sans-serif" font-size="14" x="77.33128" y="63" textLength="94.276">
engine: Engine
</text>
<ellipse cx="69.33128" cy="75" fill="#C82829" rx="3" ry="3" stroke="#C80000" stroke-width="1"/>
<text fill="#000000" font-family="sans-serif" font-size="14" x="77.33128" y="79" textLength="168.35">
wheels: List&lt;Wheel&gt;
</text>
<line stroke="#181818" stroke-width="0.5" x1="62.33128000000001" x2="221.75072" y1="83" y2="83"/>
</g>
<g id="Engine">
<rect fill="#F1F1F1" height="70" rx="2.5" ry="2.5" stroke="#181818" stroke-width="0.5" width="102.998" x="20" y="190"/>
<ellipse cx="36" cy="206" fill="#ADD1B2" rx="11" ry="11" stroke="#181818" stroke-width="1"/>
<text fill="#000000" font-family="sans-serif" font-size="12" font-weight="bold" text-anchor="middle" x="36" y="210" textLength="5.772">
C
</text>
<text fill="#000000" font-family="sans-serif" font-size="14" x="52" y="209" textLength="40.404">
Engine
</text>
<line stroke="#181818" stroke-width="0.5" x1="21" x2="121.998" y1="216" y2="216"/>
<ellipse cx="28" cy="229" fill="#C82829" rx="3" ry="3" stroke="#C80000" stroke-width="1"/>
<text fill="#000000" font-family="sans-serif" font-size="14" x="36" y="233" textLength="67.34">
power: int
</text>
<line stroke="#181818" stroke-width="0.5" x1="21" x2="121.998" y1="237" y2="237"/>
</g>
<g id="Wheel">
<rect fill="#F1F1F1" height="70" rx="2.5" ry="2.5" stroke="#181818" stroke-width="0.5" width="91.084" x="172.998" y="190"/>
<ellipse cx="188.998" cy="206" fill="#ADD1B2" rx="11" ry="11" stroke="#181818" stroke-width="1"/>
<text fill="#000000" font-family="sans-serif" font-size="12" font-weight="bold" text-anchor="middle" x="188.998" y="210" textLength="5.772">
C
</text>
<text fill="#000000" font-family="sans-serif" font-size="14" x="204.998" y="209" textLength="33.67">
Wheel
</text>
<line stroke="#181818" stroke-width="0.5" x1="173.998" x2="263.082" y1="216" y2="216"/>
<ellipse cx="180.998" cy="229" fill="#C82829" rx="3" ry="3" stroke="#C80000" stroke-width="1"/>
<text fill="#000000" font-family="sans-serif" font-size="14" x="188.998" y="233" textLength="60.606">
size: int
</text>
<line stroke="#181818" stroke-width="0.5" x1="173.998" x2="263.082" y1="237" y2="237"/>
</g>
<g id="edge_Car_Engine">
<path d="M142.041,110 L142.041,150 L71.499,150 L71.499,190" fill="none" marker-start="url(#composition)" stroke="#181818" stroke-width="1"/>
<text dominant-baseline="auto" fill="#000000" font-family="sans-serif" font-size="13" text-anchor="start" x="147.041" y="105" textLength="50.024">
contains
</text>
</g>
<g id="edge_Car_Wheel">
<path d="M142.041,110 L142.041,150 L218.54,150 L218.54,190" fill="none" marker-start="url(#aggregation)" stroke="#181818" stroke-width="1"/>
<text dominant-baseline="auto" fill="#000000" font-family="sans-serif" font-size="13" text-anchor="start" x="147.041" y="105" textLength="18.759">
has
</text>
</g>
</svg>
