---
source: crates/plantuml-core/tests/class_tests.rs
assertion_line: 80
expression: svg
---
<?xml version="1.0" encoding="UTF-8"?>
<svg contentStyleType="text/css" data-diagram-type="CLASS" height="227px" preserveAspectRatio="none" style="width:166px;height:227px;background:#FFFFFF;" version="1.1" viewBox="-7 -7 166.17419999999998 226.89499999999998" width="166px" xmlns="http://www.w3.org/2000/svg" xmlns:xlink="http://www.w3.org/1999/xlink" zoomAndPan="magnify">
<g font-family="sans-serif" lengthAdjust="spacing">
<g id="Serializable">
<rect fill="#F1F1F1" height="64.594" rx="2.5" ry="2.5" stroke="#181818" stroke-width="0.5" width="144.89419999999998" x="0" y="140.891"/>
<ellipse cx="16" cy="156.891" fill="#B4A7E5" rx="11" ry="11" stroke="#181818" stroke-width="1"/>
<text fill="#000" font-family="sans-serif" font-size="14" x="32" y="159.891" textLength="80.793">
Serializable
</text>
<line stroke="#181818" stroke-width="0.5" x1="1" x2="143.89419999999998" y1="166.891" y2="166.891"/>
<line stroke="#181818" stroke-width="0.5" x1="1" x2="143.89419999999998" y1="171.891" y2="171.891"/>
<ellipse cx="8" cy="184.891" fill="#84BE84" rx="3" ry="3" stroke="#038048" stroke-width="1"/>
<text fill="#000" font-family="sans-serif" font-size="14" x="16" y="188.891" textLength="120.894">
serialize(): String
</text>
</g>
<g id="User">
<rect fill="#F1F1F1" height="80.89099999999999" rx="2.5" ry="2.5" stroke="#181818" stroke-width="0.5" width="144.89419999999998" x="0" y="0"/>
<ellipse cx="16" cy="16" fill="#ADD1B2" rx="11" ry="11" stroke="#181818" stroke-width="1"/>
<text fill="#000" font-family="sans-serif" font-size="14" x="32" y="19" textLength="31.868">
User
</text>
<line stroke="#181818" stroke-width="0.5" x1="1" x2="143.89419999999998" y1="26" y2="26"/>
<ellipse cx="8" cy="39" fill="#C82829" rx="3" ry="3" stroke="#C80000" stroke-width="1"/>
<text fill="#000" font-family="sans-serif" font-size="14" x="16" y="43" textLength="92.158">
name: String
</text>
<line stroke="#181818" stroke-width="0.5" x1="1" x2="143.89419999999998" y1="47" y2="47"/>
<ellipse cx="8" cy="60" fill="#84BE84" rx="3" ry="3" stroke="#038048" stroke-width="1"/>
<text fill="#000" font-family="sans-serif" font-size="14" x="16" y="64" textLength="120.894">
serialize(): String
</text>
</g>
<g id="edge_User_Serializable">
<path d="M72.44709999999999,140.891 L72.44709999999999,98.89099999999999" fill="none" stroke="#181818" stroke-dasharray="2,2" stroke-width="1"/>
<polygon fill="none" points="72.447,80.891 66.447,98.891 78.447,98.891 72.447,80.891" stroke="#181818" stroke-linejoin="miter" stroke-miterlimit="10" stroke-width="1"/>
</g>
</g>
</svg>
