---
source: crates/plantuml-core/tests/class_tests.rs
assertion_line: 56
expression: svg
---
<?xml version="1.0" encoding="UTF-8"?>
<svg contentStyleType="text/css" data-diagram-type="CLASS" height="210px" preserveAspectRatio="none" style="width:204px;height:210px;background:#FFFFFF;" version="1.1" viewBox="-3.5 -3.5 204.30720000000002 209.594" width="204px" xmlns="http://www.w3.org/2000/svg" xmlns:xlink="http://www.w3.org/1999/xlink" zoomAndPan="magnify">
<defs>
<marker id="arrow" markerHeight="8" markerUnits="userSpaceOnUse" markerWidth="10" orient="auto" refX="10" refY="4">
<path d="M0,0 L10,4 L0,8 L4,4 Z" fill="#181818"/>
</marker>
<marker id="arrow-open" markerHeight="8" markerUnits="userSpaceOnUse" markerWidth="10" orient="auto" refX="10" refY="4">
<path d="M0,0 L10,4 L0,8" fill="none" stroke="#181818" stroke-width="1"/>
</marker>
<marker id="inheritance" markerHeight="20" markerUnits="userSpaceOnUse" markerWidth="20" orient="auto" refX="20" refY="10">
<path d="M0,0 L20,10 L0,20 Z" fill="#FFFFFF" stroke="#181818" stroke-width="1"/>
</marker>
<marker id="composition" markerHeight="12" markerUnits="userSpaceOnUse" markerWidth="12" orient="auto" refX="0" refY="6">
<path d="M0,6 L6,0 L12,6 L6,12 Z" fill="#181818"/>
</marker>
<marker id="aggregation" markerHeight="12" markerUnits="userSpaceOnUse" markerWidth="12" orient="auto" refX="0" refY="6">
<path d="M0,6 L6,0 L12,6 L6,12 Z" fill="#FFFFFF" stroke="#181818" stroke-width="1"/>
</marker>
</defs>
<g font-family="sans-serif" lengthAdjust="spacing">
<g id="Animal">
<rect fill="#F1F1F1" height="64.297" rx="2.5" ry="2.5" stroke="#181818" stroke-width="0.5" width="80.1754" x="55.06590000000001" y="127.797"/>
<ellipse cx="71.06590000000001" cy="143.797" fill="#ADD1B2" rx="11" ry="11" stroke="#181818" stroke-width="1"/>
<text fill="#000000" font-family="sans-serif" font-size="12" font-weight="bold" text-anchor="middle" x="71.06590000000001" y="147.797" textLength="7.572">
C
</text>
<text fill="#000000" font-family="sans-serif" font-size="14" x="87.06590000000001" y="146.797" textLength="48.175">
Animal
</text>
<line stroke="#181818" stroke-width="0.5" x1="56.06590000000001" x2="134.24130000000002" y1="153.797" y2="153.797"/>
<line stroke="#181818" stroke-width="0.5" x1="56.06590000000001" x2="134.24130000000002" y1="158.797" y2="158.797"/>
<ellipse cx="63.06590000000001" cy="171.797" fill="#84BE84" rx="3" ry="3" stroke="#038048" stroke-width="1"/>
<text fill="#000000" font-family="sans-serif" font-size="14" x="71.06590000000001" y="175.797" textLength="33.631">
eat()
</text>
</g>
<g id="Dog">
<rect fill="#F1F1F1" height="64.297" rx="2.5" ry="2.5" stroke="#181818" stroke-width="0.5" width="68.9128" x="3.5" y="3.5"/>
<ellipse cx="19.5" cy="19.5" fill="#ADD1B2" rx="11" ry="11" stroke="#181818" stroke-width="1"/>
<text fill="#000000" font-family="sans-serif" font-size="12" font-weight="bold" text-anchor="middle" x="19.5" y="23.5" textLength="7.572">
C
</text>
<text fill="#000000" font-family="sans-serif" font-size="14" x="35.5" y="22.5" textLength="26.841">
Dog
</text>
<line stroke="#181818" stroke-width="0.5" x1="4.5" x2="71.4128" y1="29.5" y2="29.5"/>
<line stroke="#181818" stroke-width="0.5" x1="4.5" x2="71.4128" y1="34.5" y2="34.5"/>
<ellipse cx="11.5" cy="47.5" fill="#84BE84" rx="3" ry="3" stroke="#038048" stroke-width="1"/>
<text fill="#000000" font-family="sans-serif" font-size="14" x="19.5" y="51.5" textLength="42.913">
bark()
</text>
</g>
<g id="Cat">
<rect fill="#F1F1F1" height="64.297" rx="2.5" ry="2.5" stroke="#181818" stroke-width="0.5" width="79.1944" x="107.61280000000001" y="3.5"/>
<ellipse cx="123.61280000000001" cy="19.5" fill="#ADD1B2" rx="11" ry="11" stroke="#181818" stroke-width="1"/>
<text fill="#000000" font-family="sans-serif" font-size="12" font-weight="bold" text-anchor="middle" x="123.61280000000001" y="23.5" textLength="7.572">
C
</text>
<text fill="#000000" font-family="sans-serif" font-size="14" x="139.6128" y="22.5" textLength="23.085">
Cat
</text>
<line stroke="#181818" stroke-width="0.5" x1="108.61280000000001" x2="185.80720000000002" y1="29.5" y2="29.5"/>
<line stroke="#181818" stroke-width="0.5" x1="108.61280000000001" x2="185.80720000000002" y1="34.5" y2="34.5"/>
<ellipse cx="115.61280000000001" cy="47.5" fill="#84BE84" rx="3" ry="3" stroke="#038048" stroke-width="1"/>
<text fill="#000000" font-family="sans-serif" font-size="14" x="123.61280000000001" y="51.5" textLength="53.194">
meow()
</text>
</g>
<g id="edge_Dog_Animal">
<path d="M95.15360000000001,127.797 L95.15360000000001,97.797 L37.9564,97.797 L37.9564,67.797" fill="none" marker-end="url(#inheritance)" stroke="#181818" stroke-width="1"/>
</g>
<g id="edge_Cat_Animal">
<path d="M95.15360000000001,127.797 L95.15360000000001,97.797 L147.21,97.797 L147.21,67.797" fill="none" marker-end="url(#inheritance)" stroke="#181818" stroke-width="1"/>
</g>
</g>
</svg>
