---
source: crates/plantuml-core/tests/sequence_tests.rs
assertion_line: 88
expression: svg
---
<?xml version="1.0" encoding="UTF-8"?>
<svg height="297.86000000000007" viewBox="-5 5 180 297.86000000000007" width="180" xmlns="http://www.w3.org/2000/svg">
<defs>
<marker id="arrow" markerHeight="8" markerUnits="userSpaceOnUse" markerWidth="10" orient="auto" refX="10" refY="4">
<path d="M0,0 L10,4 L0,8 L4,4 Z" fill="#181818"/>
</marker>
<marker id="arrow-open" markerHeight="8" markerUnits="userSpaceOnUse" markerWidth="10" orient="auto" refX="10" refY="4">
<path d="M0,0 L10,4 L0,8" fill="none" stroke="#181818" stroke-width="1"/>
</marker>
<marker id="inheritance" markerHeight="20" markerUnits="userSpaceOnUse" markerWidth="20" orient="auto" refX="20" refY="10">
<path d="M0,0 L20,10 L0,20 Z" fill="#FFFFFF" stroke="#181818" stroke-width="1"/>
</marker>
<marker id="composition" markerHeight="12" markerUnits="userSpaceOnUse" markerWidth="12" orient="auto" refX="0" refY="6">
<path d="M0,6 L6,0 L12,6 L6,12 Z" fill="#181818"/>
</marker>
<marker id="aggregation" markerHeight="12" markerUnits="userSpaceOnUse" markerWidth="12" orient="auto" refX="0" refY="6">
<path d="M0,6 L6,0 L12,6 L6,12 Z" fill="#FFFFFF" stroke="#181818" stroke-width="1"/>
</marker>
</defs>
<g id="lifeline_Alice">
<path d="M35,40.297 L35,267.56300000000005" fill="none" stroke="#181818" stroke-dasharray="5,5" stroke-width="0.5"/>
</g>
<g id="lifeline_Bob">
<path d="M135,40.297 L135,267.56300000000005" fill="none" stroke="#181818" stroke-dasharray="5,5" stroke-width="0.5"/>
</g>
<g id="msg_Alice_Bob">
<path d="M35,70.297 L135,70.297" fill="none" marker-end="url(#arrow)" stroke="#181818" stroke-width="1"/>
<text dominant-baseline="auto" fill="#000000" font-family="sans-serif" font-size="13" text-anchor="start" x="40" y="65.297">
Request
</text>
</g>
<g id="fragment_alt">
<rect fill="none" height="164.26600000000002" stroke="#000" stroke-width="1.5" width="170" x="0" y="99.42999999999999"/>
<path d="M0,99.42999999999999 L65.202,99.42999999999999 L65.202,106.56299999999999 L55.202,116.56299999999999 L0,116.56299999999999 Z" fill="#EEE" stroke="#000" stroke-width="1.5"/>
<text fill="#000000" font-family="sans-serif" font-size="14" font-weight="bold" x="5" y="113.42999999999999">
alt
</text>
<text fill="#000000" font-family="sans-serif" font-size="14" x="75.202" y="113.42999999999999">
[success]
</text>
<g id="msg_Bob_Alice">
<path d="M135,147.43 L35,147.43" fill="none" marker-end="url(#arrow)" stroke="#181818" stroke-dasharray="2,2" stroke-width="1"/>
<text dominant-baseline="auto" fill="#000000" font-family="sans-serif" font-size="13" text-anchor="start" x="40" y="142.43">
OK
</text>
</g>
<path d="M0,191.56300000000002 L170,191.56300000000002" fill="none" stroke="#181818" stroke-dasharray="2,2" stroke-width="1"/>
<text fill="#000000" font-family="sans-serif" font-size="12" font-weight="bold" x="5" y="203.56300000000002">
[failure]
</text>
<g id="msg_Bob_Alice">
<path d="M135,219.56300000000002 L35,219.56300000000002" fill="none" marker-end="url(#arrow)" stroke="#181818" stroke-dasharray="2,2" stroke-width="1"/>
<text dominant-baseline="auto" fill="#000000" font-family="sans-serif" font-size="13" text-anchor="start" x="40" y="214.56300000000002">
Error
</text>
</g>
</g>
<g id="participant_Alice">
<rect fill="#E2E2F0" height="30.297" rx="2.5" ry="2.5" stroke="#181818" stroke-width="0.5" width="50" x="10" y="10"/>
<text dominant-baseline="middle" fill="#000000" font-family="sans-serif" font-size="14" text-anchor="middle" x="35" y="25.1485">
Alice
</text>
</g>
<g id="participant_Bob">
<rect fill="#E2E2F0" height="30.297" rx="2.5" ry="2.5" stroke="#181818" stroke-width="0.5" width="50" x="110" y="10"/>
<text dominant-baseline="middle" fill="#000000" font-family="sans-serif" font-size="14" text-anchor="middle" x="135" y="25.1485">
Bob
</text>
</g>
<g id="footer_Alice">
<rect fill="#E2E2F0" height="30.297" rx="2.5" ry="2.5" stroke="#181818" stroke-width="0.5" width="50" x="10" y="267.56300000000005"/>
<text dominant-baseline="middle" fill="#000000" font-family="sans-serif" font-size="14" text-anchor="middle" x="35" y="282.71150000000006">
Alice
</text>
</g>
<g id="footer_Bob">
<rect fill="#E2E2F0" height="30.297" rx="2.5" ry="2.5" stroke="#181818" stroke-width="0.5" width="50" x="110" y="267.56300000000005"/>
<text dominant-baseline="middle" fill="#000000" font-family="sans-serif" font-size="14" text-anchor="middle" x="135" y="282.71150000000006">
Bob
</text>
</g>
</svg>
