---
source: crates/plantuml-core/tests/sequence_tests.rs
assertion_line: 88
expression: svg
---
<?xml version="1.0" encoding="UTF-8"?>
<svg contentStyleType="text/css" data-diagram-type="SEQUENCE" height="252px" preserveAspectRatio="none" style="width:187px;height:252px;background:#FFFFFF;" version="1.1" viewBox="0 0 186.8213256 251.985" width="187px" xmlns="http://www.w3.org/2000/svg" xmlns:xlink="http://www.w3.org/1999/xlink" zoomAndPan="magnify">
<g font-family="sans-serif" lengthAdjust="spacing">
<g id="lifeline_Alice">
<path d="M33.8119,40.297 L33.8119,209.81300000000002" fill="none" stroke="#181818" stroke-dasharray="5,5" stroke-width="0.5"/>
</g>
<g id="lifeline_Bob">
<path d="M112.39760000000001,40.297 L112.39760000000001,209.81300000000002" fill="none" stroke="#181818" stroke-dasharray="5,5" stroke-width="0.5"/>
</g>
<g id="msg_Alice_Bob">
<path d="M33.8119,70.297 L106.39760000000001,70.297" fill="none" stroke="#181818" stroke-width="1"/>
<polygon fill="#181818" points="112.398,70.297 102.398,66.297 102.398,74.297 106.398,70.297" stroke="#181818" stroke-linejoin="miter" stroke-miterlimit="10" stroke-width="1"/>
<text dominant-baseline="auto" fill="#000" font-family="sans-serif" font-size="13" text-anchor="start" x="40.8119" y="65.297" textLength="54.586">
Request
</text>
</g>
<g id="fragment_alt">
<rect fill="none" height="104.38600000000004" stroke="#000" stroke-width="1.5" width="158.1304256" x="17.8119" y="82.42999999999999"/>
<path d="M17.8119,82.42999999999999 L81.4697,82.42999999999999 L81.4697,89.56299999999999 L71.4697,99.56299999999999 L17.8119,99.56299999999999 Z" fill="#EEE" stroke="#000" stroke-width="1.5"/>
<text fill="#000" font-family="sans-serif" font-size="13" font-weight="700" x="32.8119" y="95.5" textLength="19.473">
alt
</text>
<text fill="#000" font-family="sans-serif" font-size="11" font-weight="700" x="97.2519" y="94.63999999999999" textLength="62.69">
[success]
</text>
<g id="msg_Bob_Alice">
<path d="M112.39760000000001,130.69 L39.8119,130.69" fill="none" stroke="#181818" stroke-dasharray="2,2" stroke-width="1"/>
<polygon fill="#181818" points="33.812,130.69 43.812,134.69 43.812,126.69 39.812,130.69" stroke="#181818" stroke-linejoin="miter" stroke-miterlimit="10" stroke-width="1"/>
<text dominant-baseline="auto" fill="#000" font-family="sans-serif" font-size="13" text-anchor="start" x="50.8119" y="125.69" textLength="18.756">
OK
</text>
</g>
<path d="M17.8119,139.883 L175.9423256,139.883" fill="none" stroke="#181818" stroke-dasharray="2,2" stroke-width="1"/>
<text fill="#000" font-family="sans-serif" font-size="11" font-weight="700" x="22.8119" y="151.883" textLength="54.419">
[failure]
</text>
<g id="msg_Bob_Alice">
<path d="M112.39760000000001,178.823 L39.8119,178.823" fill="none" stroke="#181818" stroke-dasharray="2,2" stroke-width="1"/>
<polygon fill="#181818" points="33.812,178.823 43.812,182.823 43.812,174.823 39.812,178.823" stroke="#181818" stroke-linejoin="miter" stroke-miterlimit="10" stroke-width="1"/>
<text dominant-baseline="auto" fill="#000" font-family="sans-serif" font-size="13" text-anchor="start" x="50.8119" y="173.823" textLength="32.204">
Error
</text>
</g>
</g>
<g id="participant_Alice">
<rect fill="#E2E2F0" height="30.297" rx="2.5" ry="2.5" stroke="#181818" stroke-width="0.5" width="47.6238" x="10" y="10"/>
<text dominant-baseline="middle" fill="#000" font-family="sans-serif" font-size="14" text-anchor="middle" x="33.8119" y="25.1485" textLength="33.624">
Alice
</text>
</g>
<g id="participant_Bob">
<rect fill="#E2E2F0" height="30.297" rx="2.5" ry="2.5" stroke="#181818" stroke-width="0.5" width="40.9864" x="91.90440000000001" y="10"/>
<text dominant-baseline="middle" fill="#000" font-family="sans-serif" font-size="14" text-anchor="middle" x="112.39760000000001" y="25.1485" textLength="26.986">
Bob
</text>
</g>
<g id="footer_Alice">
<rect fill="#E2E2F0" height="30.297" rx="2.5" ry="2.5" stroke="#181818" stroke-width="0.5" width="47.6238" x="10" y="209.81300000000002"/>
<text dominant-baseline="middle" fill="#000" font-family="sans-serif" font-size="14" text-anchor="middle" x="33.8119" y="224.96150000000003" textLength="33.624">
Alice
</text>
</g>
<g id="footer_Bob">
<rect fill="#E2E2F0" height="30.297" rx="2.5" ry="2.5" stroke="#181818" stroke-width="0.5" width="40.9864" x="91.90440000000001" y="209.81300000000002"/>
<text dominant-baseline="middle" fill="#000" font-family="sans-serif" font-size="14" text-anchor="middle" x="112.39760000000001" y="224.96150000000003" textLength="26.986">
Bob
</text>
</g>
</g>
</svg>
