---
source: crates/plantuml-core/tests/sequence_tests.rs
assertion_line: 67
expression: svg
---
<?xml version="1.0" encoding="UTF-8"?>
<svg contentStyleType="text/css" data-diagram-type="SEQUENCE" height="149px" preserveAspectRatio="none" style="width:161px;height:149px;background:#FFFFFF;" version="1.1" viewBox="5 5 160.73618 149.461" width="161px" xmlns="http://www.w3.org/2000/svg" xmlns:xlink="http://www.w3.org/1999/xlink" zoomAndPan="magnify">
<defs>
<marker id="arrow" markerHeight="8" markerUnits="userSpaceOnUse" markerWidth="10" orient="auto" refX="10" refY="4">
<path d="M0,0 L10,4 L0,8 L4,4 Z" fill="#181818"/>
</marker>
<marker id="arrow-open" markerHeight="8" markerUnits="userSpaceOnUse" markerWidth="10" orient="auto" refX="10" refY="4">
<path d="M0,0 L10,4 L0,8" fill="none" stroke="#181818" stroke-width="1"/>
</marker>
<marker id="inheritance" markerHeight="20" markerUnits="userSpaceOnUse" markerWidth="20" orient="auto" refX="20" refY="10">
<path d="M0,0 L20,10 L0,20 Z" fill="#FFFFFF" stroke="#181818" stroke-width="1"/>
</marker>
<marker id="composition" markerHeight="12" markerUnits="userSpaceOnUse" markerWidth="12" orient="auto" refX="0" refY="6">
<path d="M0,6 L6,0 L12,6 L6,12 Z" fill="#181818"/>
</marker>
<marker id="aggregation" markerHeight="12" markerUnits="userSpaceOnUse" markerWidth="12" orient="auto" refX="0" refY="6">
<path d="M0,6 L6,0 L12,6 L6,12 Z" fill="#FFFFFF" stroke="#181818" stroke-width="1"/>
</marker>
</defs>
<g font-family="sans-serif" lengthAdjust="spacing">
<g id="lifeline_Server">
<path d="M38.7334,40.297 L38.7334,119.164" fill="none" stroke="#181818" stroke-dasharray="5,5" stroke-width="0.5"/>
</g>
<g id="msg_Server_Server">
<path d="M38.7334,70.297 L80.7334,70.297 L80.7334,83.297 L38.7334,83.297" fill="none" marker-end="url(#arrow)" stroke="#181818" stroke-width="1"/>
<text dominant-baseline="auto" fill="#000000" font-family="sans-serif" font-size="13" text-anchor="start" x="43.7334" y="65.297" textLength="51.7">
Process
</text>
</g>
<g id="msg_Server_Server_2">
<path d="M38.7334,100.297 L80.7334,100.297 L80.7334,113.297 L38.7334,113.297" fill="none" marker-end="url(#arrow)" stroke="#181818" stroke-width="1"/>
<text dominant-baseline="auto" fill="#000000" font-family="sans-serif" font-size="13" text-anchor="start" x="43.7334" y="95.297" textLength="54.003">
Validate
</text>
</g>
<g id="participant_Server">
<rect fill="#E2E2F0" height="30.297" rx="2.5" ry="2.5" stroke="#181818" stroke-width="0.5" width="57.466800000000006" x="10" y="10"/>
<text dominant-baseline="middle" fill="#000000" font-family="sans-serif" font-size="14" text-anchor="middle" x="38.7334" y="25.1485" textLength="46.81">
Server
</text>
</g>
<g id="footer_Server">
<rect fill="#E2E2F0" height="30.297" rx="2.5" ry="2.5" stroke="#181818" stroke-width="0.5" width="57.466800000000006" x="10" y="119.164"/>
<text dominant-baseline="middle" fill="#000000" font-family="sans-serif" font-size="14" text-anchor="middle" x="38.7334" y="134.3125" textLength="46.81">
Server
</text>
</g>
</g>
</svg>
