---
source: crates/plantuml-core/tests/sequence_tests.rs
expression: svg
---
<?xml version="1.0" encoding="UTF-8"?>
<svg height="239" viewBox="15 15 287.5 239" width="287.5" xmlns="http://www.w3.org/2000/svg">
<defs>
<marker id="arrow" markerHeight="8" markerUnits="userSpaceOnUse" markerWidth="10" orient="auto" refX="10" refY="4">
<path d="M0,0 L10,4 L0,8 L4,4 Z" fill="#181818"/>
</marker>
<marker id="arrow-open" markerHeight="8" markerUnits="userSpaceOnUse" markerWidth="10" orient="auto" refX="10" refY="4">
<path d="M0,0 L10,4 L0,8" fill="none" stroke="#181818" stroke-width="1"/>
</marker>
<marker id="inheritance" markerHeight="20" markerUnits="userSpaceOnUse" markerWidth="20" orient="auto" refX="20" refY="10">
<path d="M0,0 L20,10 L0,20 Z" fill="#FFFFFF" stroke="#181818" stroke-width="1"/>
</marker>
<marker id="composition" markerHeight="12" markerUnits="userSpaceOnUse" markerWidth="12" orient="auto" refX="0" refY="6">
<path d="M0,6 L6,0 L12,6 L6,12 Z" fill="#181818"/>
</marker>
<marker id="aggregation" markerHeight="12" markerUnits="userSpaceOnUse" markerWidth="12" orient="auto" refX="0" refY="6">
<path d="M0,6 L6,0 L12,6 L6,12 Z" fill="#FFFFFF" stroke="#181818" stroke-width="1"/>
</marker>
</defs>
<g id="lifeline_User">
<path d="M50,55 L50,214" fill="none" stroke="#181818" stroke-dasharray="5,5" stroke-width="0.5"/>
</g>
<g id="lifeline_Admin">
<path d="M163.75,55 L163.75,214" fill="none" stroke="#181818" stroke-dasharray="5,5" stroke-width="0.5"/>
</g>
<g id="lifeline_DB">
<path d="M272.5,55 L272.5,214" fill="none" stroke="#181818" stroke-dasharray="5,5" stroke-width="0.5"/>
</g>
<g id="participant_Admin">
<ellipse cx="163.75" cy="37.5" fill="#E2E2F0" rx="33.75" ry="17.5" stroke="#181818" stroke-width="1"/>
<text dominant-baseline="middle" fill="#000000" font-family="sans-serif" font-size="14" text-anchor="middle" x="163.75" y="37.5">
Admin
</text>
</g>
<g id="msg_User_Admin">
<path d="M50,85 L163.75,85" fill="none" marker-end="url(#arrow)" stroke="#181818" stroke-width="1"/>
<text dominant-baseline="auto" fill="#000000" font-family="sans-serif" font-size="13" text-anchor="start" x="55" y="80">
Request
</text>
</g>
<g id="msg_Admin_DB">
<path d="M163.75,120 L272.5,120" fill="none" marker-end="url(#arrow)" stroke="#181818" stroke-width="1"/>
<text dominant-baseline="auto" fill="#000000" font-family="sans-serif" font-size="13" text-anchor="start" x="168.75" y="115">
Query
</text>
</g>
<g id="msg_DB_Admin">
<path d="M272.5,155 L163.75,155" fill="none" marker-end="url(#arrow)" stroke="#181818" stroke-dasharray="2,2" stroke-width="1"/>
<text dominant-baseline="auto" fill="#000000" font-family="sans-serif" font-size="13" text-anchor="start" x="168.75" y="150">
Data
</text>
</g>
<g id="msg_Admin_User">
<path d="M163.75,190 L50,190" fill="none" marker-end="url(#arrow)" stroke="#181818" stroke-dasharray="2,2" stroke-width="1"/>
<text dominant-baseline="auto" fill="#000000" font-family="sans-serif" font-size="13" text-anchor="start" x="55" y="185">
Response
</text>
</g>
<g id="participant_User">
<rect fill="#E2E2F0" height="35" rx="2.5" ry="2.5" stroke="#181818" stroke-width="0.5" width="60" x="20" y="20"/>
<text dominant-baseline="middle" fill="#000000" font-family="sans-serif" font-size="14" text-anchor="middle" x="50" y="37.5">
User
</text>
</g>
<g id="participant_DB">
<rect fill="#E2E2F0" height="35" rx="10" ry="10" stroke="#181818" stroke-width="0.5" width="50" x="247.5" y="20"/>
<text dominant-baseline="middle" fill="#000000" font-family="sans-serif" font-size="14" text-anchor="middle" x="272.5" y="37.5">
DB
</text>
</g>
<g id="footer_User">
<rect fill="#E2E2F0" height="35" rx="2.5" ry="2.5" stroke="#181818" stroke-width="0.5" width="60" x="20" y="214"/>
<text dominant-baseline="middle" fill="#000000" font-family="sans-serif" font-size="14" text-anchor="middle" x="50" y="231.5">
User
</text>
</g>
<g id="footer_Admin">
<rect fill="#E2E2F0" height="35" rx="2.5" ry="2.5" stroke="#181818" stroke-width="0.5" width="67.5" x="130" y="214"/>
<text dominant-baseline="middle" fill="#000000" font-family="sans-serif" font-size="14" text-anchor="middle" x="163.75" y="231.5">
Admin
</text>
</g>
<g id="footer_DB">
<rect fill="#E2E2F0" height="35" rx="2.5" ry="2.5" stroke="#181818" stroke-width="0.5" width="50" x="247.5" y="214"/>
<text dominant-baseline="middle" fill="#000000" font-family="sans-serif" font-size="14" text-anchor="middle" x="272.5" y="231.5">
DB
</text>
</g>
</svg>
