---
source: crates/plantuml-core/tests/sequence_tests.rs
assertion_line: 25
expression: svg
---
<?xml version="1.0" encoding="UTF-8"?>
<svg contentStyleType="text/css" data-diagram-type="SEQUENCE" height="160px" preserveAspectRatio="none" style="width:123px;height:160px;background:#FFFFFF;" version="1.1" viewBox="0 0 123.1609 159.602" width="123px" xmlns="http://www.w3.org/2000/svg" xmlns:xlink="http://www.w3.org/1999/xlink" zoomAndPan="magnify">
<g font-family="sans-serif" lengthAdjust="spacing">
<g id="lifeline_Alice">
<path d="M33.8119,40.297 L33.8119,117.42999999999999" fill="none" stroke="#181818" stroke-dasharray="5,5" stroke-width="0.5"/>
</g>
<g id="lifeline_Bob">
<path d="M91.7887,40.297 L91.7887,117.42999999999999" fill="none" stroke="#181818" stroke-dasharray="5,5" stroke-width="0.5"/>
</g>
<g id="msg_Alice_Bob">
<path d="M33.8119,70.297 L85.7887,70.297" fill="none" stroke="#181818" stroke-width="1"/>
<polygon fill="#181818" points="91.789,70.297 81.789,66.297 81.789,74.297 85.789,70.297" stroke="#181818" stroke-linejoin="miter" stroke-miterlimit="10" stroke-width="1"/>
<text dominant-baseline="auto" fill="#000" font-family="sans-serif" font-size="13" text-anchor="start" x="40.8119" y="65.297" textLength="33.977">
Hello
</text>
</g>
<g id="msg_Bob_Alice">
<path d="M91.7887,99.42999999999999 L39.8119,99.42999999999999" fill="none" stroke="#181818" stroke-dasharray="2,2" stroke-width="1"/>
<polygon fill="#181818" points="33.812,99.43 43.812,103.43 43.812,95.43 39.812,99.43" stroke="#181818" stroke-linejoin="miter" stroke-miterlimit="10" stroke-width="1"/>
<text dominant-baseline="auto" fill="#000" font-family="sans-serif" font-size="13" text-anchor="start" x="50.8119" y="94.42999999999999" textLength="12.893">
Hi
</text>
</g>
<g id="participant_Alice">
<rect fill="#E2E2F0" height="30.297" rx="2.5" ry="2.5" stroke="#181818" stroke-width="0.5" width="47.6238" x="10" y="10"/>
<text dominant-baseline="middle" fill="#000" font-family="sans-serif" font-size="14" text-anchor="middle" x="33.8119" y="25.1485" textLength="33.624">
Alice
</text>
</g>
<g id="participant_Bob">
<rect fill="#E2E2F0" height="30.297" rx="2.5" ry="2.5" stroke="#181818" stroke-width="0.5" width="40.9864" x="71.2955" y="10"/>
<text dominant-baseline="middle" fill="#000" font-family="sans-serif" font-size="14" text-anchor="middle" x="91.7887" y="25.1485" textLength="26.986">
Bob
</text>
</g>
<g id="footer_Alice">
<rect fill="#E2E2F0" height="30.297" rx="2.5" ry="2.5" stroke="#181818" stroke-width="0.5" width="47.6238" x="10" y="117.42999999999999"/>
<text dominant-baseline="middle" fill="#000" font-family="sans-serif" font-size="14" text-anchor="middle" x="33.8119" y="132.5785" textLength="33.624">
Alice
</text>
</g>
<g id="footer_Bob">
<rect fill="#E2E2F0" height="30.297" rx="2.5" ry="2.5" stroke="#181818" stroke-width="0.5" width="40.9864" x="71.2955" y="117.42999999999999"/>
<text dominant-baseline="middle" fill="#000" font-family="sans-serif" font-size="14" text-anchor="middle" x="91.7887" y="132.5785" textLength="26.986">
Bob
</text>
</g>
</g>
</svg>
