---
source: crates/plantuml-core/tests/sequence_tests.rs
assertion_line: 67
expression: svg
---
<?xml version="1.0" encoding="UTF-8"?>
<svg contentStyleType="text/css" data-diagram-type="SEQUENCE" height="161px" preserveAspectRatio="none" style="width:173px;height:161px;background:#FFFFFF;" version="1.1" viewBox="0 0 172.61999999999998 161.336" width="173px" xmlns="http://www.w3.org/2000/svg" xmlns:xlink="http://www.w3.org/1999/xlink" zoomAndPan="magnify">
<g font-family="sans-serif" lengthAdjust="spacing">
<g id="lifeline_Server">
<path d="M40.2148,40.297 L40.2148,119.164" fill="none" stroke="#181818" stroke-dasharray="5,5" stroke-width="0.5"/>
</g>
<g id="msg_Server_Server">
<path d="M40.2148,70.297 L82.2148,70.297 L82.2148,83.297 L46.2148,83.297" fill="none" stroke="#181818" stroke-width="1"/>
<polygon fill="#181818" points="40.215,83.297 50.215,87.297 50.215,79.297 46.215,83.297" stroke="#181818" stroke-linejoin="miter" stroke-miterlimit="10" stroke-width="1"/>
<text dominant-baseline="auto" fill="#000" font-family="sans-serif" font-size="13" text-anchor="start" x="45.2148" y="65.297" textLength="49.725">
Process
</text>
</g>
<g id="msg_Server_Server_2">
<path d="M40.2148,100.297 L82.2148,100.297 L82.2148,113.297 L46.2148,113.297" fill="none" stroke="#181818" stroke-width="1"/>
<polygon fill="#181818" points="40.215,113.297 50.215,117.297 50.215,109.297 46.215,113.297" stroke="#181818" stroke-linejoin="miter" stroke-miterlimit="10" stroke-width="1"/>
<text dominant-baseline="auto" fill="#000" font-family="sans-serif" font-size="13" text-anchor="start" x="45.2148" y="95.297" textLength="53.526">
Validate
</text>
</g>
<g id="participant_Server">
<rect fill="#E2E2F0" height="30.297" rx="2.5" ry="2.5" stroke="#181818" stroke-width="0.5" width="60.42959999999999" x="10" y="10"/>
<text dominant-baseline="middle" fill="#000" font-family="sans-serif" font-size="14" text-anchor="middle" x="40.2148" y="25.1485" textLength="46.43">
Server
</text>
</g>
<g id="footer_Server">
<rect fill="#E2E2F0" height="30.297" rx="2.5" ry="2.5" stroke="#181818" stroke-width="0.5" width="60.42959999999999" x="10" y="119.164"/>
<text dominant-baseline="middle" fill="#000" font-family="sans-serif" font-size="14" text-anchor="middle" x="40.2148" y="134.3125" textLength="46.43">
Server
</text>
</g>
</g>
</svg>
