---
source: crates/plantuml-core/tests/state_tests.rs
assertion_line: 26
expression: svg
---
<?xml version="1.0" encoding="UTF-8"?>
<svg contentStyleType="text/css" data-diagram-type="STATE" height="264px" preserveAspectRatio="none" style="width:208px;height:264px;background:#FFFFFF;" version="1.1" viewBox="1 1 207.665 264" width="208px" xmlns="http://www.w3.org/2000/svg" xmlns:xlink="http://www.w3.org/1999/xlink" zoomAndPan="magnify">
<defs>
<marker id="arrow" markerHeight="8" markerUnits="userSpaceOnUse" markerWidth="10" orient="auto" refX="10" refY="4">
<path d="M0,0 L10,4 L0,8 L4,4 Z" fill="#181818"/>
</marker>
<marker id="arrow-open" markerHeight="8" markerUnits="userSpaceOnUse" markerWidth="10" orient="auto" refX="10" refY="4">
<path d="M0,0 L10,4 L0,8" fill="none" stroke="#181818" stroke-width="1"/>
</marker>
<marker id="inheritance" markerHeight="20" markerUnits="userSpaceOnUse" markerWidth="20" orient="auto" refX="20" refY="10">
<path d="M0,0 L20,10 L0,20 Z" fill="#FFFFFF" stroke="#181818" stroke-width="1"/>
</marker>
<marker id="composition" markerHeight="12" markerUnits="userSpaceOnUse" markerWidth="12" orient="auto" refX="0" refY="6">
<path d="M0,6 L6,0 L12,6 L6,12 Z" fill="#181818"/>
</marker>
<marker id="aggregation" markerHeight="12" markerUnits="userSpaceOnUse" markerWidth="12" orient="auto" refX="0" refY="6">
<path d="M0,6 L6,0 L12,6 L6,12 Z" fill="#FFFFFF" stroke="#181818" stroke-width="1"/>
</marker>
</defs>
<g font-family="sans-serif" lengthAdjust="spacing">
<g id="initial_initial">
<ellipse cx="97.88499999999999" cy="16" fill="#181818" rx="10" ry="10" stroke="none"/>
</g>
<g id="state_Active">
<rect fill="#F1F1F1" height="50" rx="12.5" ry="12.5" stroke="#181818" stroke-width="0.5" width="63.552" x="66.109" y="87"/>
<text dominant-baseline="middle" fill="#000000" font-family="sans-serif" font-size="14" text-anchor="middle" x="97.88499999999999" y="105.1485" textLength="44.446">
Active
</text>
<line stroke="#181818" stroke-width="0.5" x1="66.109" x2="129.661" y1="113.297" y2="113.297"/>
</g>
<g id="state_Inactive">
<rect fill="#F1F1F1" height="50" rx="12.5" ry="12.5" stroke="#181818" stroke-width="0.5" width="75.556" x="6" y="198"/>
<text dominant-baseline="middle" fill="#000000" font-family="sans-serif" font-size="14" text-anchor="middle" x="43.778" y="216.1485" textLength="57.887">
Inactive
</text>
<line stroke="#181818" stroke-width="0.5" x1="6" x2="81.556" y1="224.297" y2="224.297"/>
</g>
<g id="final_final">
<ellipse cx="179.76999999999998" cy="208" fill="#FFFFFF" rx="10" ry="10" stroke="#181818" stroke-width="1.5"/>
<ellipse cx="179.76999999999998" cy="208" fill="#181818" rx="6" ry="6" stroke="none"/>
</g>
<g id="trans_initial_Active">
<path d="M97.88499999999999,26 L97.88499999999999,87" fill="none" marker-end="url(#arrow)" stroke="#181818" stroke-width="1"/>
</g>
<g id="trans_Active_Inactive">
<path d="M85.1746,137 L58.8892,198" fill="none" marker-end="url(#arrow)" stroke="#181818" stroke-width="1"/>
<text dominant-baseline="auto" fill="#000000" font-family="sans-serif" font-size="13" text-anchor="end" x="66.66044" y="161.4" textLength="51.557">
timeout
</text>
</g>
<g id="trans_Inactive_Active">
<path d="M81.556,223 L191.665,223 L191.665,112 L129.661,112" fill="none" marker-end="url(#arrow)" stroke="#181818" stroke-width="1"/>
<text dominant-baseline="auto" fill="#000000" font-family="sans-serif" font-size="13" text-anchor="start" x="86.556" y="218" textLength="49.68">
resume
</text>
</g>
<g id="trans_Active_final">
<path d="M97.88499999999999,137 L179.76999999999998,198" fill="none" marker-end="url(#arrow)" stroke="#181818" stroke-width="1"/>
<text dominant-baseline="auto" fill="#000000" font-family="sans-serif" font-size="13" text-anchor="start" x="138.63899999999998" y="161.4" textLength="35.857">
close
</text>
</g>
</g>
</svg>
