---
source: crates/plantuml-core/tests/state_tests.rs
assertion_line: 26
expression: svg
---
<?xml version="1.0" encoding="UTF-8"?>
<svg contentStyleType="text/css" data-diagram-type="STATE" height="278px" preserveAspectRatio="none" style="width:225px;height:278px;background:#FFFFFF;" version="1.1" viewBox="7 7 225.15959999999998 277.997" width="225px" xmlns="http://www.w3.org/2000/svg" xmlns:xlink="http://www.w3.org/1999/xlink" zoomAndPan="magnify">
<g font-family="sans-serif" lengthAdjust="spacing">
<g id="initial_initial">
<ellipse cx="98.75139999999999" cy="17" fill="#222" rx="10" ry="10" stroke="#222" stroke-width="1"/>
</g>
<g id="state_Active">
<rect fill="#F1F1F1" height="50" rx="12.5" ry="12.5" stroke="#181818" stroke-width="0.5" width="63.7612" x="66.87079999999999" y="88"/>
<text dominant-baseline="middle" fill="#000" font-family="sans-serif" font-size="14" text-anchor="middle" x="98.75139999999999" y="106.1485" textLength="43.761">
Active
</text>
<line stroke="#181818" stroke-width="0.5" x1="66.87079999999999" x2="130.632" y1="114.297" y2="114.297"/>
</g>
<g id="state_Inactive">
<rect fill="#F1F1F1" height="50" rx="12.5" ry="12.5" stroke="#181818" stroke-width="0.5" width="75.2888" x="7" y="215.297"/>
<text dominant-baseline="middle" fill="#000" font-family="sans-serif" font-size="14" text-anchor="middle" x="44.6444" y="233.4455" textLength="55.289">
Inactive
</text>
<line stroke="#181818" stroke-width="0.5" x1="7" x2="82.2888" y1="241.594" y2="241.594"/>
</g>
<g id="final_final">
<ellipse cx="180.50279999999998" cy="225.297" fill="none" rx="11" ry="11" stroke="#222" stroke-width="1"/>
<ellipse cx="180.50279999999998" cy="225.297" fill="#222" rx="6" ry="6" stroke="none"/>
</g>
<g id="trans_initial_Active">
<path d="M98.75139999999999,27 L98.75139999999999,88" fill="none" stroke="#181818" stroke-width="1"/>
<polyline fill="none" points="102.751,88 98.751,93 94.751,88" stroke="#181818" stroke-linejoin="miter" stroke-miterlimit="10" stroke-width="1"/>
</g>
<g id="trans_Active_Inactive">
<path d="M85.99915999999999,138 L59.70216,215.297" fill="none" stroke="#181818" stroke-width="1"/>
<polyline fill="none" points="63.489,216.585 58.092,220.031 55.915,214.009" stroke="#181818" stroke-linejoin="miter" stroke-miterlimit="10" stroke-width="1"/>
<text dominant-baseline="auto" fill="#000" font-family="sans-serif" font-size="13" text-anchor="end" x="67.48035999999999" y="168.9188" textLength="50.517">
timeout
</text>
</g>
<g id="trans_Inactive_Active">
<path d="M82.2888,240.297 L210.15959999999998,240.297 L210.15959999999998,113 L130.632,113" fill="none" stroke="#181818" stroke-width="1"/>
<polyline fill="none" points="130.632,117 125.632,113 130.632,109" stroke="#181818" stroke-linejoin="miter" stroke-miterlimit="10" stroke-width="1"/>
<text dominant-baseline="auto" fill="#000" font-family="sans-serif" font-size="13" text-anchor="start" x="87.2888" y="235.297" textLength="49.069">
resume
</text>
</g>
<g id="trans_Active_final">
<path d="M98.75139999999999,138 L180.50279999999998,214.297" fill="none" stroke="#181818" stroke-width="1"/>
<polyline fill="none" points="183.232,211.373 184.158,217.708 177.774,217.221" stroke="#181818" stroke-linejoin="miter" stroke-miterlimit="10" stroke-width="1"/>
<text dominant-baseline="auto" fill="#000" font-family="sans-serif" font-size="13" text-anchor="start" x="139.45195999999999" y="168.5188" textLength="33.639">
close
</text>
</g>
</g>
</svg>
